#-----------------------------------------------------------
# Vivado v2018.3 (64-bit)
# SW Build 2405991 on Thu Dec  6 23:38:27 MST 2018
# IP Build 2404404 on Fri Dec  7 01:43:56 MST 2018
# Start of session at: Tue Jul 23 10:09:42 2019
# Process ID: 6980
# Current directory: G:/Vivado_PROJECTS/tetris_test_1.2
# Command line: vivado.exe -gui_launcher_event rodinguilauncherevent2784 G:\Vivado_PROJECTS\tetris_test_1.2\tetris_test.xpr
# Log file: G:/Vivado_PROJECTS/tetris_test_1.2/vivado.log
# Journal file: G:/Vivado_PROJECTS/tetris_test_1.2\vivado.jou
#-----------------------------------------------------------
start_gui
open_project G:/Vivado_PROJECTS/tetris_test_1.2/tetris_test.xpr
update_compile_order -fileset sources_1
reset_run synth_1
launch_runs synth_1 -jobs 4
wait_on_run synth_1
launch_runs impl_1 -jobs 4
wait_on_run impl_1
launch_runs impl_1 -to_step write_bitstream -jobs 4
wait_on_run impl_1
reset_run impl_1 -prev_step 
open_run synth_1 -name synth_1
reset_run synth_1
launch_runs synth_1 -jobs 4
wait_on_run synth_1
launch_runs impl_1 -jobs 4
wait_on_run impl_1
close_design
open_run impl_1
startgroup
set_property package_pin "" [get_ports [list  {rgb[7]}]]
place_ports {rgb[11]} C7
endgroup
startgroup
set_property package_pin "" [get_ports [list  {rgb[6]}]]
place_ports {rgb[10]} E6
endgroup
place_ports {rgb[9]} E5
place_ports {rgb[8]} E7
startgroup
set_property package_pin "" [get_ports [list  {rgb[5]}]]
place_ports {rgb[7]} B6
endgroup
startgroup
set_property package_pin "" [get_ports [list  {rgb[4]}]]
place_ports {rgb[6]} A6
endgroup
startgroup
set_property package_pin "" [get_ports [list  {rgb[3]}]]
place_ports {rgb[5]} A5
endgroup
place_ports {rgb[4]} D8
startgroup
set_property package_pin "" [get_ports [list  {rgb[2]}]]
place_ports {rgb[3]} F5
endgroup
startgroup
set_property package_pin "" [get_ports [list  {rgb[1]}]]
place_ports {rgb[2]} C6
endgroup
startgroup
set_property package_pin "" [get_ports [list  {rgb[0]}]]
place_ports {rgb[1]} C5
endgroup
place_ports {rgb[0]} B7
set_property IOSTANDARD LVCMOS33 [get_ports [list {rgb[11]}]]
set_property IOSTANDARD LVCMOS33 [get_ports [list {rgb[10]}]]
set_property IOSTANDARD LVCMOS33 [get_ports [list {rgb[9]}]]
set_property IOSTANDARD LVCMOS33 [get_ports [list {rgb[8]}]]
save_constraints
close_design
reset_run synth_1
launch_runs synth_1 -jobs 4
wait_on_run synth_1
launch_runs impl_1 -jobs 4
wait_on_run impl_1
launch_runs impl_1 -to_step write_bitstream -jobs 4
wait_on_run impl_1
open_hw
connect_hw_server
open_hw_target
set_property PROGRAM.FILE {G:/Vivado_PROJECTS/tetris_test_1.2/tetris_test.runs/impl_1/tetris.bit} [get_hw_devices xc7a35t_0]
current_hw_device [get_hw_devices xc7a35t_0]
refresh_hw_device -update_hw_probes false [lindex [get_hw_devices xc7a35t_0] 0]
set_property PROBES.FILE {} [get_hw_devices xc7a35t_0]
set_property FULL_PROBES.FILE {} [get_hw_devices xc7a35t_0]
set_property PROGRAM.FILE {G:/Vivado_PROJECTS/tetris_test_1.2/tetris_test.runs/impl_1/tetris.bit} [get_hw_devices xc7a35t_0]
program_hw_devices [get_hw_devices xc7a35t_0]
refresh_hw_device [lindex [get_hw_devices xc7a35t_0] 0]
close_hw
